A 1 a
A 1 a
A 1 a
A 2 a
A 2 a
A 3 a
A 3 a
A 3 a
A 4 a
A 4 a
A 4 a
A 4 a
A 5 a
A 5 a
A 5 a
